08-30 20:32:29.723 28923 28945 I TestRunner: started: accompaniment_menu_item_content(com.example.lunchtray.MenuContentTests)
08-30 20:32:29.724 28923 28923 D LifecycleMonitor: Lifecycle status change: androidx.test.core.app.InstrumentationActivityInvoker$BootstrapActivity@e267124 in: DESTROYED
08-30 20:32:29.742 28923 28923 D LifecycleMonitor: Lifecycle status change: androidx.fragment.app.testing.FragmentScenario$EmptyFragmentActivity@1178845 in: DESTROYED
08-30 20:32:29.763 28923 28945 W Settings: Setting always_finish_activities has moved from android.provider.Settings.System to android.provider.Settings.Global, returning read-only value.
08-30 20:32:29.767 19819 19819 D RecentsView: onTaskRemoved taskId = 658
08-30 20:32:29.770 19819 19819 D RecentsView: onTaskRemoved taskId = 658
08-30 20:32:29.781  1531  3128 E ANDR-PERF-JNI: com_qualcomm_qtiperformance_native_perf_io_prefetch_start
08-30 20:32:29.793   993  1024 E ANDR-IOP: io prefetch is disabled
08-30 20:32:29.794  1531  3128 D ActivityTrigger: ActivityTrigger activityPauseTrigger
08-30 20:32:29.803  1531  1740 D OpPowerConsumpStatsInjector: notifyPkgEvent
08-30 20:32:29.811 28923 28923 D LifecycleMonitor: Lifecycle status change: androidx.test.core.app.InstrumentationActivityInvoker$BootstrapActivity@a2d24e4 in: PRE_ON_CREATE
08-30 20:32:29.812 28923 28923 V ActivityScenario: Activity lifecycle changed event received but ignored because the intent does not match. startActivityIntent=Intent { act=android.intent.action.MAIN cat=[android.intent.category.LAUNCHER] cmp=com.example.lunchtray/androidx.fragment.app.testing.FragmentScenario$EmptyFragmentActivity (has extras) }, activity.getIntent()=Intent { act=android.intent.action.MAIN cat=[android.intent.category.LAUNCHER] flg=0x10008000 cmp=com.example.lunchtray/androidx.test.core.app.InstrumentationActivityInvoker$BootstrapActivity (has extras) }, activity=androidx.test.core.app.InstrumentationActivityInvoker$BootstrapActivity@a2d24e4
08-30 20:32:29.831 28923 28923 E ample.lunchtra: Invalid ID 0x00000000.
08-30 20:32:29.835 28923 28923 D LifecycleMonitor: Lifecycle status change: androidx.test.core.app.InstrumentationActivityInvoker$BootstrapActivity@a2d24e4 in: CREATED
08-30 20:32:29.836 28923 28923 V ActivityScenario: Activity lifecycle changed event received but ignored because the intent does not match. startActivityIntent=Intent { act=android.intent.action.MAIN cat=[android.intent.category.LAUNCHER] cmp=com.example.lunchtray/androidx.fragment.app.testing.FragmentScenario$EmptyFragmentActivity (has extras) }, activity.getIntent()=Intent { act=android.intent.action.MAIN cat=[android.intent.category.LAUNCHER] flg=0x10008000 cmp=com.example.lunchtray/androidx.test.core.app.InstrumentationActivityInvoker$BootstrapActivity (has extras) }, activity=androidx.test.core.app.InstrumentationActivityInvoker$BootstrapActivity@a2d24e4
08-30 20:32:29.842 28923 28923 D LifecycleMonitor: Lifecycle status change: androidx.test.core.app.InstrumentationActivityInvoker$BootstrapActivity@a2d24e4 in: STARTED
08-30 20:32:29.843 28923 28923 V ActivityScenario: Activity lifecycle changed event received but ignored because the intent does not match. startActivityIntent=Intent { act=android.intent.action.MAIN cat=[android.intent.category.LAUNCHER] cmp=com.example.lunchtray/androidx.fragment.app.testing.FragmentScenario$EmptyFragmentActivity (has extras) }, activity.getIntent()=Intent { act=android.intent.action.MAIN cat=[android.intent.category.LAUNCHER] flg=0x10008000 cmp=com.example.lunchtray/androidx.test.core.app.InstrumentationActivityInvoker$BootstrapActivity (has extras) }, activity=androidx.test.core.app.InstrumentationActivityInvoker$BootstrapActivity@a2d24e4
08-30 20:32:29.859 28923 28923 D LifecycleMonitor: Lifecycle status change: androidx.test.core.app.InstrumentationActivityInvoker$BootstrapActivity@a2d24e4 in: RESUMED
08-30 20:32:29.860 28923 28923 V ActivityScenario: Activity lifecycle changed event received but ignored because the intent does not match. startActivityIntent=Intent { act=android.intent.action.MAIN cat=[android.intent.category.LAUNCHER] cmp=com.example.lunchtray/androidx.fragment.app.testing.FragmentScenario$EmptyFragmentActivity (has extras) }, activity.getIntent()=Intent { act=android.intent.action.MAIN cat=[android.intent.category.LAUNCHER] flg=0x10008000 cmp=com.example.lunchtray/androidx.test.core.app.InstrumentationActivityInvoker$BootstrapActivity (has extras) }, activity=androidx.test.core.app.InstrumentationActivityInvoker$BootstrapActivity@a2d24e4
08-30 20:32:29.865 28923 28923 D LifecycleMonitor: Lifecycle status change: androidx.test.core.app.InstrumentationActivityInvoker$BootstrapActivity@a2d24e4 in: PAUSED
08-30 20:32:29.865 28923 28923 V ActivityScenario: Activity lifecycle changed event received but ignored because the intent does not match. startActivityIntent=Intent { act=android.intent.action.MAIN cat=[android.intent.category.LAUNCHER] cmp=com.example.lunchtray/androidx.fragment.app.testing.FragmentScenario$EmptyFragmentActivity (has extras) }, activity.getIntent()=Intent { act=android.intent.action.MAIN cat=[android.intent.category.LAUNCHER] flg=0x10008000 cmp=com.example.lunchtray/androidx.test.core.app.InstrumentationActivityInvoker$BootstrapActivity (has extras) }, activity=androidx.test.core.app.InstrumentationActivityInvoker$BootstrapActivity@a2d24e4
08-30 20:32:29.874  1531  6213 D ActivityTrigger: ActivityTrigger activityPauseTrigger
08-30 20:32:29.886  1531  1740 D OpPowerConsumpStatsInjector: notifyPkgEvent
08-30 20:32:29.887 28923 28923 D LifecycleMonitor: Lifecycle status change: androidx.fragment.app.testing.FragmentScenario$EmptyFragmentActivity@be33bd in: PRE_ON_CREATE
08-30 20:32:29.887 28923 28923 V ActivityScenario: Activity lifecycle changed event received but ignored because the reported transition was not ON_CREATE while the last known transition was PRE_ON_CREATE
08-30 20:32:29.890  1531  1740 D OpPowerConsumpStatsInjector: notifyPkgEvent
08-30 20:32:29.908 28923 28923 D LifecycleMonitor: Lifecycle status change: androidx.fragment.app.testing.FragmentScenario$EmptyFragmentActivity@be33bd in: CREATED
08-30 20:32:29.908 28923 28923 V ActivityScenario: Update currentActivityStage to CREATED, currentActivity=androidx.fragment.app.testing.FragmentScenario$EmptyFragmentActivity@be33bd
08-30 20:32:29.913 28923 28923 D LifecycleMonitor: Lifecycle status change: androidx.fragment.app.testing.FragmentScenario$EmptyFragmentActivity@be33bd in: STARTED
08-30 20:32:29.913 28923 28923 V ActivityScenario: Update currentActivityStage to STARTED, currentActivity=androidx.fragment.app.testing.FragmentScenario$EmptyFragmentActivity@be33bd
08-30 20:32:29.916 28923 28923 D LifecycleMonitor: Lifecycle status change: androidx.fragment.app.testing.FragmentScenario$EmptyFragmentActivity@be33bd in: RESUMED
08-30 20:32:29.916 28923 28923 V ActivityScenario: Update currentActivityStage to RESUMED, currentActivity=androidx.fragment.app.testing.FragmentScenario$EmptyFragmentActivity@be33bd
08-30 20:32:29.927 28923 28923 V ViewRootImpl: The specified message queue synchronization  barrier token has not been posted or has already been removed
08-30 20:32:29.949 28923 28923 D LifecycleMonitor: Lifecycle status change: androidx.fragment.app.testing.FragmentScenario$EmptyFragmentActivity@be33bd in: PAUSED
08-30 20:32:29.949 28923 28923 V ActivityScenario: Update currentActivityStage to PAUSED, currentActivity=androidx.fragment.app.testing.FragmentScenario$EmptyFragmentActivity@be33bd
08-30 20:32:29.950  1531  1740 D OpPowerConsumpStatsInjector: notifyPkgEvent
08-30 20:32:29.950 28923 28923 D LifecycleMonitor: Lifecycle status change: androidx.test.core.app.InstrumentationActivityInvoker$BootstrapActivity@a2d24e4 in: STOPPED
08-30 20:32:29.950 28923 28923 V ActivityScenario: Activity lifecycle changed event received but ignored because the intent does not match. startActivityIntent=Intent { act=android.intent.action.MAIN cat=[android.intent.category.LAUNCHER] cmp=com.example.lunchtray/androidx.fragment.app.testing.FragmentScenario$EmptyFragmentActivity (has extras) }, activity.getIntent()=Intent { act=android.intent.action.MAIN cat=[android.intent.category.LAUNCHER] flg=0x10008000 cmp=com.example.lunchtray/androidx.test.core.app.InstrumentationActivityInvoker$BootstrapActivity (has extras) }, activity=androidx.test.core.app.InstrumentationActivityInvoker$BootstrapActivity@a2d24e4
08-30 20:32:29.953 28923 28923 D LifecycleMonitor: Lifecycle status change: androidx.fragment.app.testing.FragmentScenario$EmptyFragmentActivity@be33bd in: STOPPED
08-30 20:32:29.953 28923 28923 V ActivityScenario: Update currentActivityStage to STOPPED, currentActivity=androidx.fragment.app.testing.FragmentScenario$EmptyFragmentActivity@be33bd
08-30 20:32:29.982 28923 28945 E TestRunner: failed: accompaniment_menu_item_content(com.example.lunchtray.MenuContentTests)
08-30 20:32:29.982 28923 28945 E TestRunner: ----- begin exception -----
08-30 20:32:29.984 28923 28945 E TestRunner: java.lang.IllegalStateException: Can not perform this action after onSaveInstanceState
08-30 20:32:29.984 28923 28945 E TestRunner: 	at androidx.fragment.app.FragmentManager.checkStateLoss(FragmentManager.java:1551)
08-30 20:32:29.984 28923 28945 E TestRunner: 	at androidx.fragment.app.FragmentManager.ensureExecReady(FragmentManager.java:1652)
08-30 20:32:29.984 28923 28945 E TestRunner: 	at androidx.fragment.app.FragmentManager.execSingleAction(FragmentManager.java:1666)
08-30 20:32:29.984 28923 28945 E TestRunner: 	at androidx.fragment.app.BackStackRecord.commitNow(BackStackRecord.java:317)
08-30 20:32:29.984 28923 28945 E TestRunner: 	at androidx.fragment.app.testing.FragmentScenario$Companion.internalLaunch$lambda-2(FragmentScenario.kt:628)
08-30 20:32:29.984 28923 28945 E TestRunner: 	at androidx.fragment.app.testing.FragmentScenario$Companion.$r8$lambda$qQn68eFQCuWOFZCsJdZ7z8QDNvM(Unknown Source:0)
08-30 20:32:29.984 28923 28945 E TestRunner: 	at androidx.fragment.app.testing.FragmentScenario$Companion$$ExternalSyntheticLambda0.perform(Unknown Source:13)
08-30 20:32:29.984 28923 28945 E TestRunner: 	at androidx.test.core.app.ActivityScenario.lambda$onActivity$2$ActivityScenario(ActivityScenario.java:660)
08-30 20:32:29.984 28923 28945 E TestRunner: 	at androidx.test.core.app.ActivityScenario$$Lambda$4.run(ActivityScenario.java:652)
08-30 20:32:29.984 28923 28945 E TestRunner: 	at java.util.concurrent.Executors$RunnableAdapter.call(Executors.java:462)
08-30 20:32:29.984 28923 28945 E TestRunner: 	at java.util.concurrent.FutureTask.run(FutureTask.java:266)
08-30 20:32:29.984 28923 28945 E TestRunner: 	at android.app.Instrumentation$SyncRunnable.run(Instrumentation.java:2414)
08-30 20:32:29.984 28923 28945 E TestRunner: 	at android.os.Handler.handleCallback(Handler.java:938)
08-30 20:32:29.984 28923 28945 E TestRunner: 	at android.os.Handler.dispatchMessage(Handler.java:99)
08-30 20:32:29.984 28923 28945 E TestRunner: 	at android.os.Looper.loop(Looper.java:233)
08-30 20:32:29.984 28923 28945 E TestRunner: 	at android.app.ActivityThread.main(ActivityThread.java:8068)
08-30 20:32:29.984 28923 28945 E TestRunner: 	at java.lang.reflect.Method.invoke(Native Method)
08-30 20:32:29.984 28923 28945 E TestRunner: 	at com.android.internal.os.RuntimeInit$MethodAndArgsCaller.run(RuntimeInit.java:631)
08-30 20:32:29.984 28923 28945 E TestRunner: 	at com.android.internal.os.ZygoteInit.main(ZygoteInit.java:978)
08-30 20:32:29.984 28923 28945 E TestRunner: ----- end exception -----
08-30 20:32:29.986  2389  2389 D EdgeBackGestureHandler: updateTopPackage isHomeApp false
08-30 20:32:29.986 28923 28945 I TestRunner: finished: accompaniment_menu_item_content(com.example.lunchtray.MenuContentTests)
